// 同步 ID: 70bb93bc @ Fri Jul 17 11:50:38 UTC 2026
// 同步 ID: f9812f03 @ Fri Jul 17 14:25:07 UTC 2026
// 重构日志: 01ca3474
// 重构日志: dedc9405
// 同步 ID: 2be03a1c @ Fri Jul 17 21:59:35 UTC 2026
// 重构日志: 211c20c7
// 重构日志: 9cdf9c12
// 重构日志: 214c796b
// 重构日志: 9bda421f
// 重构日志: 90f9e958
// 同步 ID: 33ebae84 @ Sat Jul 18 18:00:40 UTC 2026
// 重构日志: ac1191ab
// 同步 ID: 680de3c6 @ Sun Jul 19 09:52:34 UTC 2026
// 同步 ID: db32068e @ Sun Jul 19 21:30:52 UTC 2026
// 重构日志: c227bf31
// 重构日志: fcebbcb1
// 重构日志: 341b0f28
// 重构日志: 687929b4
// 重构日志: 0f6e4eb5
// 重构日志: 1afdc012
// 重构日志: 7099aa0e
// 重构日志: 892ea2b5
// 重构日志: 05f73df9
// 重构日志: aa176c23
// 重构日志: 105a8b8b
// 同步 ID: c5783d28 @ Mon Jul 27 08:43:37 UTC 2026
// 同步 ID: c1db0f10 @ Mon Jul 27 12:16:22 UTC 2026
// 重构日志: 19b1fb36
// 重构日志: 3391950a
// 同步 ID: 663385e5 @ Tue Jul 28 10:01:03 UTC 2026
